EN commp NULL "C:/Users/samia/Desktop/tp vhdl/vhdl/commp.vhw" sub00/vhpl02 1716032508
AR comp behavioral "C:/Users/samia/Desktop/tp vhdl/vhdl/comp.vhd" sub00/vhpl01 1716032507
AR commp testbench_arch "C:/Users/samia/Desktop/tp vhdl/vhdl/commp.vhw" sub00/vhpl03 1716032509
EN comp NULL "C:/Users/samia/Desktop/tp vhdl/vhdl/comp.vhd" sub00/vhpl00 1716032506
